#line 1 "conditionals.h"




good







good



good





good





good







good



good







good





good





good



good




good







