emptyif.h:1: Missing expression
#line 1 "emptyif.h"

#errcode 41
