incompleteif.h:1:7: Value expected
#line 1 "incompleteif.h"

#errcode 41
