#line 1 "noeol.h"

#line 1 "simple.h" 1
Hello, World!
#line 1 "noeol.h" 2
