#line 1 "paste.h"

+ + +
1 2
a 2
1 a
+1.e+1 +
*1*
. 1 .
. .1 .
'a''b''c'
1 +_



1 _
_ 1
